
> visus-mcp@0.1.0 test
> jest --no-coverage --verbose

